19:45:11 **** Incremental Build of configuration Debug for project usart_led_controller ****
make -j2 all 
arm-none-eabi-gcc "../Core/Src/main.c" -mcpu=cortex-m0 -std=gnu11 -g3 -DDEBUG -DUSE_HAL_DRIVER -DSTM32F030x6 -c -I../Core/Inc -I"F:/DD/A/EEProject/Autonom_Projects/Project2/stm32_cube_ide/usart_led_controller/Drivers/UART" -I../Drivers/STM32F0xx_HAL_Driver/Inc -I../Drivers/STM32F0xx_HAL_Driver/Inc/Legacy -I../Drivers/CMSIS/Device/ST/STM32F0xx/Include -I../Drivers/CMSIS/Include -O0 -ffunction-sections -fdata-sections -Wall -fstack-usage -MMD -MP -MF"Core/Src/main.d" -MT"Core/Src/main.o" --specs=nano.specs -mfloat-abi=soft -mthumb -o "Core/Src/main.o"
arm-none-eabi-gcc "../Core/Src/stm32f0xx_hal_msp.c" -mcpu=cortex-m0 -std=gnu11 -g3 -DDEBUG -DUSE_HAL_DRIVER -DSTM32F030x6 -c -I../Core/Inc -I../Drivers/STM32F0xx_HAL_Driver/Inc -I../Drivers/STM32F0xx_HAL_Driver/Inc/Legacy -I../Drivers/CMSIS/Device/ST/STM32F0xx/Include -I../Drivers/CMSIS/Include -O0 -ffunction-sections -fdata-sections -Wall -fstack-usage -MMD -MP -MF"Core/Src/stm32f0xx_hal_msp.d" -MT"Core/Src/stm32f0xx_hal_msp.o" --specs=nano.specs -mfloat-abi=soft -mthumb -o "Core/Src/stm32f0xx_hal_msp.o"
arm-none-eabi-gcc "../Core/Src/stm32f0xx_it.c" -mcpu=cortex-m0 -std=gnu11 -g3 -DDEBUG -DUSE_HAL_DRIVER -DSTM32F030x6 -c -I../Core/Inc -I../Drivers/STM32F0xx_HAL_Driver/Inc -I../Drivers/STM32F0xx_HAL_Driver/Inc/Legacy -I../Drivers/CMSIS/Device/ST/STM32F0xx/Include -I../Drivers/CMSIS/Include -O0 -ffunction-sections -fdata-sections -Wall -fstack-usage -MMD -MP -MF"Core/Src/stm32f0xx_it.d" -MT"Core/Src/stm32f0xx_it.o" --specs=nano.specs -mfloat-abi=soft -mthumb -o "Core/Src/stm32f0xx_it.o"
arm-none-eabi-gcc "../Core/Src/syscalls.c" -mcpu=cortex-m0 -std=gnu11 -g3 -DDEBUG -DUSE_HAL_DRIVER -DSTM32F030x6 -c -I../Core/Inc -I../Drivers/STM32F0xx_HAL_Driver/Inc -I../Drivers/STM32F0xx_HAL_Driver/Inc/Legacy -I../Drivers/CMSIS/Device/ST/STM32F0xx/Include -I../Drivers/CMSIS/Include -O0 -ffunction-sections -fdata-sections -Wall -fstack-usage -MMD -MP -MF"Core/Src/syscalls.d" -MT"Core/Src/syscalls.o" --specs=nano.specs -mfloat-abi=soft -mthumb -o "Core/Src/syscalls.o"
arm-none-eabi-gcc "../Core/Src/sysmem.c" -mcpu=cortex-m0 -std=gnu11 -g3 -DDEBUG -DUSE_HAL_DRIVER -DSTM32F030x6 -c -I../Core/Inc -I../Drivers/STM32F0xx_HAL_Driver/Inc -I../Drivers/STM32F0xx_HAL_Driver/Inc/Legacy -I../Drivers/CMSIS/Device/ST/STM32F0xx/Include -I../Drivers/CMSIS/Include -O0 -ffunction-sections -fdata-sections -Wall -fstack-usage -MMD -MP -MF"Core/Src/sysmem.d" -MT"Core/Src/sysmem.o" --specs=nano.specs -mfloat-abi=soft -mthumb -o "Core/Src/sysmem.o"
arm-none-eabi-gcc "../Core/Src/system_stm32f0xx.c" -mcpu=cortex-m0 -std=gnu11 -g3 -DDEBUG -DUSE_HAL_DRIVER -DSTM32F030x6 -c -I../Core/Inc -I../Drivers/STM32F0xx_HAL_Driver/Inc -I../Drivers/STM32F0xx_HAL_Driver/Inc/Legacy -I../Drivers/CMSIS/Device/ST/STM32F0xx/Include -I../Drivers/CMSIS/Include -O0 -ffunction-sections -fdata-sections -Wall -fstack-usage -MMD -MP -MF"Core/Src/system_stm32f0xx.d" -MT"Core/Src/system_stm32f0xx.o" --specs=nano.specs -mfloat-abi=soft -mthumb -o "Core/Src/system_stm32f0xx.o"
arm-none-eabi-gcc -o "usart_led_controller.elf" @"objects.list"   -mcpu=cortex-m0 -T"F:\DD\A\EEProject\Autonom_Projects\Project2\stm32_cube_ide\usart_led_controller\STM32F030F4PX_FLASH.ld" --specs=nosys.specs -Wl,-Map="usart_led_controller.map" -Wl,--gc-sections -static --specs=nano.specs -mfloat-abi=soft -mthumb -Wl,--start-group -lc -lm -Wl,--end-group
Finished building target: usart_led_controller.elf
 
arm-none-eabi-size   usart_led_controller.elf 
arm-none-eabi-objdump -h -S  usart_led_controller.elf  > "usart_led_controller.list"
   text	   data	    bss	    dec	    hex	filename
   3828	     20	   1572	   5420	   152c	usart_led_controller.elf
Finished building: default.size.stdout
 
Finished building: usart_led_controller.list
 
19:46:28 **** Incremental Build of configuration Debug for project usart_led_controller ****
make -j2 all 
arm-none-eabi-gcc "../Core/Src/main.c" -mcpu=cortex-m0 -std=gnu11 -g3 -DDEBUG -DUSE_HAL_DRIVER -DSTM32F030x6 -c -I../Core/Inc -I"F:/DD/A/EEProject/Autonom_Projects/Project2/stm32_cube_ide/usart_led_controller/Drivers/UART" -I../Drivers/STM32F0xx_HAL_Driver/Inc -I../Drivers/STM32F0xx_HAL_Driver/Inc/Legacy -I../Drivers/CMSIS/Device/ST/STM32F0xx/Include -I../Drivers/CMSIS/Include -O0 -ffunction-sections -fdata-sections -Wall -fstack-usage -MMD -MP -MF"Core/Src/main.d" -MT"Core/Src/main.o" --specs=nano.specs -mfloat-abi=soft -mthumb -o "Core/Src/main.o"
arm-none-eabi-gcc -o "usart_led_controller.elf" @"objects.list"   -mcpu=cortex-m0 -T"F:\DD\A\EEProject\Autonom_Projects\Project2\stm32_cube_ide\usart_led_controller\STM32F030F4PX_FLASH.ld" --specs=nosys.specs -Wl,-Map="usart_led_controller.map" -Wl,--gc-sections -static --specs=nano.specs -mfloat-abi=soft -mthumb -Wl,--start-group -lc -lm -Wl,--end-group
Finished building target: usart_led_controller.elf
 
arm-none-eabi-size   usart_led_controller.elf 
arm-none-eabi-objdump -h -S  usart_led_controller.elf  > "usart_led_controller.list"
   text	   data	    bss	    dec	    hex	filename
   4248	     20	   1572	   5840	   16d0	usart_led_controller.elf
Finished building: default.size.stdout
 
Finished building: usart_led_controller.list
 
19:46:48 **** Incremental Build of configuration Debug for project usart_led_controller ****
make -j2 all 
arm-none-eabi-gcc "../Core/Src/main.c" -mcpu=cortex-m0 -std=gnu11 -g3 -DDEBUG -DUSE_HAL_DRIVER -DSTM32F030x6 -c -I../Core/Inc -I"F:/DD/A/EEProject/Autonom_Projects/Project2/stm32_cube_ide/usart_led_controller/Drivers/UART" -I../Drivers/STM32F0xx_HAL_Driver/Inc -I../Drivers/STM32F0xx_HAL_Driver/Inc/Legacy -I../Drivers/CMSIS/Device/ST/STM32F0xx/Include -I../Drivers/CMSIS/Include -O0 -ffunction-sections -fdata-sections -Wall -fstack-usage -MMD -MP -MF"Core/Src/main.d" -MT"Core/Src/main.o" --specs=nano.specs -mfloat-abi=soft -mthumb -o "Core/Src/main.o"
../Core/Src/main.c: In function 'main':
../Core/Src/main.c:89:23: warning: initializer-string for array of 'char' is too long
   89 |   char myString[14] = "Hello Arduino !\n";
      |                       ^~~~~~~~~~~~~~~~~~~
arm-none-eabi-gcc -o "usart_led_controller.elf" @"objects.list"   -mcpu=cortex-m0 -T"F:\DD\A\EEProject\Autonom_Projects\Project2\stm32_cube_ide\usart_led_controller\STM32F030F4PX_FLASH.ld" --specs=nosys.specs -Wl,-Map="usart_led_controller.map" -Wl,--gc-sections -static --specs=nano.specs -mfloat-abi=soft -mthumb -Wl,--start-group -lc -lm -Wl,--end-group
Finished building target: usart_led_controller.elf
 
arm-none-eabi-size   usart_led_controller.elf 
arm-none-eabi-objdump -h -S  usart_led_controller.elf  > "usart_led_controller.list"
   text	   data	    bss	    dec	    hex	filename
   4248	     20	   1572	   5840	   16d0	usart_led_controller.elf
Finished building: default.size.stdout
 
Finished building: usart_led_controller.list
 
19:47:48 **** Incremental Build of configuration Debug for project usart_led_controller ****
make -j2 all 
arm-none-eabi-gcc "../Core/Src/main.c" -mcpu=cortex-m0 -std=gnu11 -g3 -DDEBUG -DUSE_HAL_DRIVER -DSTM32F030x6 -c -I../Core/Inc -I"F:/DD/A/EEProject/Autonom_Projects/Project2/stm32_cube_ide/usart_led_controller/Drivers/UART" -I../Drivers/STM32F0xx_HAL_Driver/Inc -I../Drivers/STM32F0xx_HAL_Driver/Inc/Legacy -I../Drivers/CMSIS/Device/ST/STM32F0xx/Include -I../Drivers/CMSIS/Include -O0 -ffunction-sections -fdata-sections -Wall -fstack-usage -MMD -MP -MF"Core/Src/main.d" -MT"Core/Src/main.o" --specs=nano.specs -mfloat-abi=soft -mthumb -o "Core/Src/main.o"
arm-none-eabi-gcc -o "usart_led_controller.elf" @"objects.list"   -mcpu=cortex-m0 -T"F:\DD\A\EEProject\Autonom_Projects\Project2\stm32_cube_ide\usart_led_controller\STM32F030F4PX_FLASH.ld" --specs=nosys.specs -Wl,-Map="usart_led_controller.map" -Wl,--gc-sections -static --specs=nano.specs -mfloat-abi=soft -mthumb -Wl,--start-group -lc -lm -Wl,--end-group
Finished building target: usart_led_controller.elf
 
arm-none-eabi-size   usart_led_controller.elf 
arm-none-eabi-objdump -h -S  usart_led_controller.elf  > "usart_led_controller.list"
   text	   data	    bss	    dec	    hex	filename
   4248	     20	   1572	   5840	   16d0	usart_led_controller.elf
Finished building: default.size.stdout
 
Finished building: usart_led_controller.list
 
19:48:20 **** Incremental Build of configuration Debug for project usart_led_controller ****
make -j2 all 
arm-none-eabi-gcc "../Core/Src/main.c" -mcpu=cortex-m0 -std=gnu11 -g3 -DDEBUG -DUSE_HAL_DRIVER -DSTM32F030x6 -c -I../Core/Inc -I"F:/DD/A/EEProject/Autonom_Projects/Project2/stm32_cube_ide/usart_led_controller/Drivers/UART" -I../Drivers/STM32F0xx_HAL_Driver/Inc -I../Drivers/STM32F0xx_HAL_Driver/Inc/Legacy -I../Drivers/CMSIS/Device/ST/STM32F0xx/Include -I../Drivers/CMSIS/Include -O0 -ffunction-sections -fdata-sections -Wall -fstack-usage -MMD -MP -MF"Core/Src/main.d" -MT"Core/Src/main.o" --specs=nano.specs -mfloat-abi=soft -mthumb -o "Core/Src/main.o"
../Core/Src/main.c: In function 'main':
../Core/Src/main.c:89:23: warning: initializer-string for array of 'char' is too long
   89 |   char myString[14] = "Hello Arduino !\n";
      |                       ^~~~~~~~~~~~~~~~~~~
arm-none-eabi-gcc -o "usart_led_controller.elf" @"objects.list"   -mcpu=cortex-m0 -T"F:\DD\A\EEProject\Autonom_Projects\Project2\stm32_cube_ide\usart_led_controller\STM32F030F4PX_FLASH.ld" --specs=nosys.specs -Wl,-Map="usart_led_controller.map" -Wl,--gc-sections -static --specs=nano.specs -mfloat-abi=soft -mthumb -Wl,--start-group -lc -lm -Wl,--end-group
Finished building target: usart_led_controller.elf
 
arm-none-eabi-size   usart_led_controller.elf 
arm-none-eabi-objdump -h -S  usart_led_controller.elf  > "usart_led_controller.list"
   text	   data	    bss	    dec	    hex	filename
   4248	     20	   1572	   5840	   16d0	usart_led_controller.elf
Finished building: default.size.stdout
 
Finished building: usart_led_controller.list
 
19:49:02 **** Incremental Build of configuration Debug for project usart_led_controller ****
make -j2 all 
arm-none-eabi-gcc "../Core/Src/main.c" -mcpu=cortex-m0 -std=gnu11 -g3 -DDEBUG -DUSE_HAL_DRIVER -DSTM32F030x6 -c -I../Core/Inc -I"F:/DD/A/EEProject/Autonom_Projects/Project2/stm32_cube_ide/usart_led_controller/Drivers/UART" -I../Drivers/STM32F0xx_HAL_Driver/Inc -I../Drivers/STM32F0xx_HAL_Driver/Inc/Legacy -I../Drivers/CMSIS/Device/ST/STM32F0xx/Include -I../Drivers/CMSIS/Include -O0 -ffunction-sections -fdata-sections -Wall -fstack-usage -MMD -MP -MF"Core/Src/main.d" -MT"Core/Src/main.o" --specs=nano.specs -mfloat-abi=soft -mthumb -o "Core/Src/main.o"
arm-none-eabi-gcc -o "usart_led_controller.elf" @"objects.list"   -mcpu=cortex-m0 -T"F:\DD\A\EEProject\Autonom_Projects\Project2\stm32_cube_ide\usart_led_controller\STM32F030F4PX_FLASH.ld" --specs=nosys.specs -Wl,-Map="usart_led_controller.map" -Wl,--gc-sections -static --specs=nano.specs -mfloat-abi=soft -mthumb -Wl,--start-group -lc -lm -Wl,--end-group
Finished building target: usart_led_controller.elf
 
arm-none-eabi-size   usart_led_controller.elf 
arm-none-eabi-objdump -h -S  usart_led_controller.elf  > "usart_led_controller.list"
   text	   data	    bss	    dec	    hex	filename
   4256	     20	   1572	   5848	   16d8	usart_led_controller.elf
Finished building: default.size.stdout
 
Finished building: usart_led_controller.list
 
20:04:43 **** Incremental Build of configuration Debug for project usart_led_controller ****
make -j2 all 
arm-none-eabi-gcc "../Core/Src/main.c" -mcpu=cortex-m0 -std=gnu11 -g3 -DDEBUG -DUSE_HAL_DRIVER -DSTM32F030x6 -c -I../Core/Inc -I"F:/DD/A/EEProject/Autonom_Projects/Project2/stm32_cube_ide/usart_led_controller/Drivers/UART" -I../Drivers/STM32F0xx_HAL_Driver/Inc -I../Drivers/STM32F0xx_HAL_Driver/Inc/Legacy -I../Drivers/CMSIS/Device/ST/STM32F0xx/Include -I../Drivers/CMSIS/Include -O0 -ffunction-sections -fdata-sections -Wall -fstack-usage -MMD -MP -MF"Core/Src/main.d" -MT"Core/Src/main.o" --specs=nano.specs -mfloat-abi=soft -mthumb -o "Core/Src/main.o"
arm-none-eabi-gcc -o "usart_led_controller.elf" @"objects.list"   -mcpu=cortex-m0 -T"F:\DD\A\EEProject\Autonom_Projects\Project2\stm32_cube_ide\usart_led_controller\STM32F030F4PX_FLASH.ld" --specs=nosys.specs -Wl,-Map="usart_led_controller.map" -Wl,--gc-sections -static --specs=nano.specs -mfloat-abi=soft -mthumb -Wl,--start-group -lc -lm -Wl,--end-group
Finished building target: usart_led_controller.elf
 
arm-none-eabi-size   usart_led_controller.elf 
arm-none-eabi-objdump -h -S  usart_led_controller.elf  > "usart_led_controller.list"
   text	   data	    bss	    dec	    hex	filename
   4248	     20	   1572	   5840	   16d0	usart_led_controller.elf
Finished building: default.size.stdout
 
Finished building: usart_led_controller.list
 
20:05:36 **** Incremental Build of configuration Debug for project usart_led_controller ****
make -j2 all 
arm-none-eabi-gcc "../Core/Src/main.c" -mcpu=cortex-m0 -std=gnu11 -g3 -DDEBUG -DUSE_HAL_DRIVER -DSTM32F030x6 -c -I../Core/Inc -I"F:/DD/A/EEProject/Autonom_Projects/Project2/stm32_cube_ide/usart_led_controller/Drivers/UART" -I../Drivers/STM32F0xx_HAL_Driver/Inc -I../Drivers/STM32F0xx_HAL_Driver/Inc/Legacy -I../Drivers/CMSIS/Device/ST/STM32F0xx/Include -I../Drivers/CMSIS/Include -O0 -ffunction-sections -fdata-sections -Wall -fstack-usage -MMD -MP -MF"Core/Src/main.d" -MT"Core/Src/main.o" --specs=nano.specs -mfloat-abi=soft -mthumb -o "Core/Src/main.o"
arm-none-eabi-gcc -o "usart_led_controller.elf" @"objects.list"   -mcpu=cortex-m0 -T"F:\DD\A\EEProject\Autonom_Projects\Project2\stm32_cube_ide\usart_led_controller\STM32F030F4PX_FLASH.ld" --specs=nosys.specs -Wl,-Map="usart_led_controller.map" -Wl,--gc-sections -static --specs=nano.specs -mfloat-abi=soft -mthumb -Wl,--start-group -lc -lm -Wl,--end-group
Finished building target: usart_led_controller.elf
 
arm-none-eabi-size   usart_led_controller.elf 
arm-none-eabi-objdump -h -S  usart_led_controller.elf  > "usart_led_controller.list"
   text	   data	    bss	    dec	    hex	filename
   4256	     20	   1572	   5848	   16d8	usart_led_controller.elf
Finished building: default.size.stdout
 
Finished building: usart_led_controller.list
 
