20:05:36 **** Incremental Build of configuration Debug for project usart_led_controller ****
make -j2 all 
arm-none-eabi-gcc "../Core/Src/main.c" -mcpu=cortex-m0 -std=gnu11 -g3 -DDEBUG -DUSE_HAL_DRIVER -DSTM32F030x6 -c -I../Core/Inc -I"F:/DD/A/EEProject/Autonom_Projects/Project2/stm32_cube_ide/usart_led_controller/Drivers/UART" -I../Drivers/STM32F0xx_HAL_Driver/Inc -I../Drivers/STM32F0xx_HAL_Driver/Inc/Legacy -I../Drivers/CMSIS/Device/ST/STM32F0xx/Include -I../Drivers/CMSIS/Include -O0 -ffunction-sections -fdata-sections -Wall -fstack-usage -MMD -MP -MF"Core/Src/main.d" -MT"Core/Src/main.o" --specs=nano.specs -mfloat-abi=soft -mthumb -o "Core/Src/main.o"
arm-none-eabi-gcc -o "usart_led_controller.elf" @"objects.list"   -mcpu=cortex-m0 -T"F:\DD\A\EEProject\Autonom_Projects\Project2\stm32_cube_ide\usart_led_controller\STM32F030F4PX_FLASH.ld" --specs=nosys.specs -Wl,-Map="usart_led_controller.map" -Wl,--gc-sections -static --specs=nano.specs -mfloat-abi=soft -mthumb -Wl,--start-group -lc -lm -Wl,--end-group
Finished building target: usart_led_controller.elf
 
arm-none-eabi-size   usart_led_controller.elf 
arm-none-eabi-objdump -h -S  usart_led_controller.elf  > "usart_led_controller.list"
   text	   data	    bss	    dec	    hex	filename
   4256	     20	   1572	   5848	   16d8	usart_led_controller.elf
Finished building: default.size.stdout
 
Finished building: usart_led_controller.list
 

20:05:37 Build Finished. 0 errors, 0 warnings. (took 936ms)

